2026-08-21 12:31:54,623 - INFO - 📂 连接数据库: storage/news.db
2026-08-21 12:31:54,625 - INFO - 正在创建备份表 news_backup_before_format_fix...
2026-08-21 12:31:54,749 - INFO - ✅ 备份完成，共备份 1178 条记录
2026-08-21 12:31:54,750 - INFO - 
============================================================
2026-08-21 12:31:54,750 - INFO - 🔍 阶段1: 预览模式 (DRY RUN)
2026-08-21 12:31:54,751 - INFO - ============================================================
2026-08-21 12:31:54,751 - INFO - 📊 正在扫描旧格式数据...
2026-08-21 12:31:54,764 - INFO - 📊 发现 454 条旧格式记录
2026-08-21 12:31:54,764 - INFO - 
📋 预览前 10 条待转换数据:
2026-08-21 12:31:54,775 - INFO -   1. rowid=1
2026-08-21 12:31:54,776 - INFO -      旧: Wed, 12 Aug 2026 00:00:00 -0400
2026-08-21 12:31:54,776 - INFO -      新: 2026-08-12T04:00:00+00:00
2026-08-21 12:31:54,776 - INFO -      状态: ✅
2026-08-21 12:31:54,776 - INFO -   2. rowid=2
2026-08-21 12:31:54,777 - INFO -      旧: Wed, 12 Aug 2026 00:00:00 -0400
2026-08-21 12:31:54,777 - INFO -      新: 2026-08-12T04:00:00+00:00
2026-08-21 12:31:54,777 - INFO -      状态: ✅
2026-08-21 12:31:54,778 - INFO -   3. rowid=3
2026-08-21 12:31:54,778 - INFO -      旧: Wed, 12 Aug 2026 00:00:00 -0400
2026-08-21 12:31:54,778 - INFO -      新: 2026-08-12T04:00:00+00:00
2026-08-21 12:31:54,778 - INFO -      状态: ✅
2026-08-21 12:31:54,779 - INFO -   4. rowid=4
2026-08-21 12:31:54,779 - INFO -      旧: Wed, 12 Aug 2026 00:00:00 -0400
2026-08-21 12:31:54,779 - INFO -      新: 2026-08-12T04:00:00+00:00
2026-08-21 12:31:54,779 - INFO -      状态: ✅
2026-08-21 12:31:54,780 - INFO -   5. rowid=5
2026-08-21 12:31:54,780 - INFO -      旧: Wed, 12 Aug 2026 00:00:00 -0400
2026-08-21 12:31:54,780 - INFO -      新: 2026-08-12T04:00:00+00:00
2026-08-21 12:31:54,781 - INFO -      状态: ✅
2026-08-21 12:31:54,781 - INFO -   6. rowid=6
2026-08-21 12:31:54,781 - INFO -      旧: Wed, 12 Aug 2026 00:00:00 -0400
2026-08-21 12:31:54,782 - INFO -      新: 2026-08-12T04:00:00+00:00
2026-08-21 12:31:54,783 - INFO -      状态: ✅
2026-08-21 12:31:54,783 - INFO -   7. rowid=7
2026-08-21 12:31:54,784 - INFO -      旧: Wed, 12 Aug 2026 00:00:00 -0400
2026-08-21 12:31:54,784 - INFO -      新: 2026-08-12T04:00:00+00:00
2026-08-21 12:31:54,785 - INFO -      状态: ✅
2026-08-21 12:31:54,785 - INFO -   8. rowid=8
2026-08-21 12:31:54,786 - INFO -      旧: Wed, 12 Aug 2026 00:00:00 -0400
2026-08-21 12:31:54,786 - INFO -      新: 2026-08-12T04:00:00+00:00
2026-08-21 12:31:54,786 - INFO -      状态: ✅
2026-08-21 12:31:54,787 - INFO -   9. rowid=9
2026-08-21 12:31:54,787 - INFO -      旧: Wed, 12 Aug 2026 00:00:00 -0400
2026-08-21 12:31:54,787 - INFO -      新: 2026-08-12T04:00:00+00:00
2026-08-21 12:31:54,787 - INFO -      状态: ✅
2026-08-21 12:31:54,788 - INFO -   10. rowid=10
2026-08-21 12:31:54,788 - INFO -      旧: Wed, 12 Aug 2026 00:00:00 -0400
2026-08-21 12:31:54,788 - INFO -      新: 2026-08-12T04:00:00+00:00
2026-08-21 12:31:54,789 - INFO -      状态: ✅
2026-08-21 12:32:13,833 - INFO - 
============================================================
2026-08-21 12:32:13,833 - INFO - 🔄 阶段2: 执行转换
2026-08-21 12:32:13,833 - INFO - ============================================================
2026-08-21 12:32:13,833 - INFO - 📊 正在扫描旧格式数据...
2026-08-21 12:32:13,837 - INFO - 📊 发现 454 条旧格式记录
2026-08-21 12:32:13,837 - INFO - 
🔄 开始转换...
2026-08-21 12:32:13,974 - INFO -   进度: 454/454 (100%)
2026-08-21 12:32:13,974 - INFO - 
============================================================
2026-08-21 12:32:13,974 - INFO - ✅ 阶段3: 验证结果
2026-08-21 12:32:13,974 - INFO - ============================================================
2026-08-21 12:32:13,979 - INFO - 📊 总记录数: 1178
2026-08-21 12:32:13,979 - INFO -    ✅ 新格式: 1178
2026-08-21 12:32:13,979 - INFO -    ⚠️  旧格式: 0
2026-08-21 12:32:13,979 - INFO -    📝 其他格式: 0
2026-08-21 12:32:13,979 - INFO - 
============================================================
2026-08-21 12:32:13,979 - INFO - 📊 转换完成统计:
2026-08-21 12:32:13,980 - INFO -    ✅ 成功: 454
2026-08-21 12:32:13,980 - INFO -    ❌ 失败: 0
2026-08-21 12:32:13,980 - INFO -    ⏭️  跳过: 0
2026-08-21 12:32:13,980 - INFO - ============================================================
2026-08-21 12:32:13,980 - INFO - 🎉 所有数据已统一为新格式！
2026-08-21 12:32:21,271 - INFO - ✅ 备份表已删除
2026-08-21 12:32:21,271 - INFO - 
📂 数据库连接已关闭
